.........................                                                [100%]
=============================== warnings summary ===============================
tests/test_ref_keypoint.py::test_keypoint_proposal_runs_and_is_deterministic
  /data7/home/linjiongxiao/.paos-rekep/envs/rekep-sim/lib/python3.12/site-packages/torch/amp/autocast_mode.py:266: UserWarning: User provided device_type of 'cuda', but CUDA is not available. Disabling
    warnings.warn(

tests/test_ref_keypoint.py::test_keypoint_proposal_runs_and_is_deterministic
  /data7/home/linjiongxiao/.paos-rekep/models/dinov2/dinov2/layers/swiglu_ffn.py:51: UserWarning: xFormers is not available (SwiGLU)
    warnings.warn("xFormers is not available (SwiGLU)")

tests/test_ref_keypoint.py::test_keypoint_proposal_runs_and_is_deterministic
  /data7/home/linjiongxiao/.paos-rekep/models/dinov2/dinov2/layers/attention.py:33: UserWarning: xFormers is not available (Attention)
    warnings.warn("xFormers is not available (Attention)")

tests/test_ref_keypoint.py::test_keypoint_proposal_runs_and_is_deterministic
  /data7/home/linjiongxiao/.paos-rekep/models/dinov2/dinov2/layers/block.py:40: UserWarning: xFormers is not available (Block)
    warnings.warn("xFormers is not available (Block)")

tests/test_ref_solver.py::test_subgoal_solver_runs_and_is_deterministic
  /data7/home/linjiongxiao/projects2/rekep-skill-paos/reference/rekep-real-plugin/runtime/utils.py:81: NumbaPerformanceWarning: np.dot() is faster on contiguous arrays, called on (Array(float64, 2, 'C', False, aligned=True), Array(float64, 2, 'A', False, aligned=True))
    transformed_points[i] = np.dot(points, R.T) + pos

tests/test_ref_solver.py::test_subgoal_solver_runs_and_is_deterministic
  /data7/home/linjiongxiao/projects2/rekep-skill-paos/reference/rekep-real-plugin/runtime/utils.py:54: NumbaPerformanceWarning: np.dot() is faster on contiguous arrays, called on (Array(float64, 2, 'A', False, aligned=True), Array(float64, 2, 'A', False, aligned=True))
    rot_distance = angle_between_rotmat(a[:3, :3], b[:3, :3])

-- Docs: https://docs.pytest.org/en/stable/how-to/capture-warnings.html
25 passed, 6 warnings in 61.16s (0:01:01)
