/data7/home/linjiongxiao/.paos-rekep/envs/rekep-sim/lib/python3.12/site-packages/torch/amp/autocast_mode.py:266: UserWarning: User provided device_type of 'cuda', but CUDA is not available. Disabling
  warnings.warn(
/data7/home/linjiongxiao/.paos-rekep/models/dinov2/dinov2/layers/swiglu_ffn.py:51: UserWarning: xFormers is not available (SwiGLU)
  warnings.warn("xFormers is not available (SwiGLU)")
/data7/home/linjiongxiao/.paos-rekep/models/dinov2/dinov2/layers/attention.py:33: UserWarning: xFormers is not available (Attention)
  warnings.warn("xFormers is not available (Attention)")
/data7/home/linjiongxiao/.paos-rekep/models/dinov2/dinov2/layers/block.py:40: UserWarning: xFormers is not available (Block)
  warnings.warn("xFormers is not available (Block)")
keypoints by object: {'blue_cube': 10, 'pen': 6, 'pick_cube': 12, 'place_zone': 12, 'red_cube': 11, 'region_a': 9, 'region_b': 14, 'region_holder': 5}
[GEN1_pick_red_to_region_a] succeeded objectives={'ok': True, 'mode': 'in_region', 'object': 'red_cube', 'region': 'region_a', 'dx': 0.0232, 'dy': 0.008, 'dz': 0.093}
[GEN7_repeat] succeeded objectives={'ok': True, 'mode': 'in_region', 'object': 'red_cube', 'region': 'region_a', 'dx': 0.0232, 'dy': 0.008, 'dz': 0.093}
[GEN2_pick_blue_to_region_b] succeeded objectives={'ok': True, 'mode': 'in_region', 'object': 'blue_cube', 'region': 'region_b', 'dx': 0.034, 'dy': 0.0433, 'dz': 0.0677}
[GEN3_stack_red_on_blue] succeeded objectives={'ok': True, 'mode': 'on_top', 'object': 'red_cube', 'target_object': 'blue_cube', 'dx': 0.027, 'dy': 0.0252, 'z': 0.0213, 'top': 0.0399}
[GEN4_reorient_pen] failed objectives={'ok': False, 'mode': 'upright', 'object': 'pen', 'angle_deg': 62.32, 'in_region': {'ok': False, 'mode': 'in_region', 'object': 'pen', 'region': 'region_holder', 'dx': 0.2223, 'dy': 0.1414, 'dz': 0.1026}}
[GEN5_noop_constraints] failed objectives={'ok': False, 'mode': 'in_region', 'object': 'red_cube', 'region': 'region_a', 'dx': 0.12, 'dy': 0.1, 'dz': 0.0109}
[GEN6_objective_mismatch] failed objectives={'ok': False, 'mode': 'in_region', 'object': 'red_cube', 'region': 'region_holder', 'dx': 0.1568, 'dy': 0.132, 'dz': 0.079}

SUMMARY: {
  "GEN1_pick_red_to_region_a": "succeeded",
  "GEN7_repeat": "succeeded",
  "GEN2_pick_blue_to_region_b": "succeeded",
  "GEN3_stack_red_on_blue": "succeeded",
  "GEN4_reorient_pen": "failed",
  "GEN5_noop_constraints": "failed",
  "GEN6_objective_mismatch": "failed"
}
