/data7/home/linjiongxiao/.paos-rekep/envs/rekep-sim/lib/python3.12/site-packages/torch/amp/autocast_mode.py:266: UserWarning: User provided device_type of 'cuda', but CUDA is not available. Disabling
  warnings.warn(
/data7/home/linjiongxiao/.paos-rekep/models/dinov2/dinov2/layers/swiglu_ffn.py:51: UserWarning: xFormers is not available (SwiGLU)
  warnings.warn("xFormers is not available (SwiGLU)")
/data7/home/linjiongxiao/.paos-rekep/models/dinov2/dinov2/layers/attention.py:33: UserWarning: xFormers is not available (Attention)
  warnings.warn("xFormers is not available (Attention)")
/data7/home/linjiongxiao/.paos-rekep/models/dinov2/dinov2/layers/block.py:40: UserWarning: xFormers is not available (Block)
  warnings.warn("xFormers is not available (Block)")
keypoints by object: {'blue_cube': 5, 'pen': 6, 'red_cube': 5, 'region_blue': 1, 'region_holder': 2, 'region_red': 8}
[GEN1_pick_red_to_region_red] succeeded objectives={'ok': True, 'mode': 'in_region', 'object': 'red_cube', 'region': 'region_red', 'dx': 0.0338, 'dy': 0.0012, 'dz': 0.0107}
[GEN7_repeat] succeeded objectives={'ok': True, 'mode': 'in_region', 'object': 'red_cube', 'region': 'region_red', 'dx': 0.049, 'dy': 0.0077, 'dz': 0.0106}
[GEN2_pick_blue_to_region_blue] succeeded objectives={'ok': True, 'mode': 'in_region', 'object': 'blue_cube', 'region': 'region_blue', 'dx': 0.0165, 'dy': 0.0052, 'dz': 0.0106}
[GEN3_stack_red_on_blue] succeeded objectives={'ok': True, 'mode': 'on_top', 'object': 'red_cube', 'target_object': 'blue_cube', 'dx': 0.004, 'dy': 0.0026, 'z': 0.0195, 'top': 0.0399}
[GEN4_reorient_pen] succeeded objectives={'ok': True, 'mode': 'upright', 'object': 'pen', 'angle_deg': 10.47}
[GEN5_noop_constraints] failed objectives={'ok': False, 'mode': 'in_region', 'object': 'red_cube', 'region': 'region_red', 'dx': 0.15, 'dy': 0.35, 'dz': 0.0109}
[GEN6_objective_mismatch] failed objectives={'ok': False, 'mode': 'in_region', 'object': 'red_cube', 'region': 'region_holder', 'dx': 0.1879, 'dy': 0.0555, 'dz': -0.0033}

SUMMARY: {
  "GEN1_pick_red_to_region_red": "succeeded",
  "GEN7_repeat": "succeeded",
  "GEN2_pick_blue_to_region_blue": "succeeded",
  "GEN3_stack_red_on_blue": "succeeded",
  "GEN4_reorient_pen": "succeeded",
  "GEN5_noop_constraints": "failed",
  "GEN6_objective_mismatch": "failed"
}
