/data7/home/linjiongxiao/.paos-rekep/envs/rekep-sim/lib/python3.12/site-packages/torch/amp/autocast_mode.py:266: UserWarning: User provided device_type of 'cuda', but CUDA is not available. Disabling
  warnings.warn(
/data7/home/linjiongxiao/.paos-rekep/models/dinov2/dinov2/layers/swiglu_ffn.py:51: UserWarning: xFormers is not available (SwiGLU)
  warnings.warn("xFormers is not available (SwiGLU)")
/data7/home/linjiongxiao/.paos-rekep/models/dinov2/dinov2/layers/attention.py:33: UserWarning: xFormers is not available (Attention)
  warnings.warn("xFormers is not available (Attention)")
/data7/home/linjiongxiao/.paos-rekep/models/dinov2/dinov2/layers/block.py:40: UserWarning: xFormers is not available (Block)
  warnings.warn("xFormers is not available (Block)")
keypoints: [(0, 'place_zone', [0.029, -0.425, 0.011]), (1, 'pick_cube', [0.263, -0.411, 0.077])]
program stages: 3 grasp [1, -1, -1] release [-1, -1, 1]
progress {'phase': 'stage1_grasp', 'ok': True}
progress {'phase': 'stage3_release'}
RESULT {
  "status": "succeeded",
  "video": "/data7/home/linjiongxiao/.paos-rekep/tmp/rekep_mujoco.mp4",
  "objectives": {
    "ok": true,
    "mode": "in_region",
    "object": "pick_cube",
    "region": "place_zone",
    "dx": 0.0828,
    "dy": 0.0319,
    "dz": -0.0192
  },
  "final_state": [
    {
      "label": 1,
      "name": "place_zone",
      "geom": "place_zone",
      "movable": false,
      "region": true,
      "position_m": [
        0.0,
        -0.42,
        0.006
      ],
      "quaternion_xyzw": [
        0.0,
        0.0,
        0.0,
        1.0
      ],
      "geom_size": [
        0.045,
        0.045,
        0.003
      ]
    },
    {
      "label": 2,
      "name": "pick_cube",
      "geom": "pick_cube_geom",
      "movable": true,
      "region": false,
      "position_m": [
        0.08281575205474836,
        -0.3881065808364373,
        -0.010218805260965417
      ],
      "quaternion_xyzw": [
        0.7407608951483663,
        -0.024969840465662738,
        -0.6712389051508968,
        0.009388050805994723
      ],
      "geom_size": [
        0.025,
        0.025,
        0.025
      ]
    }
  ],
  "elapsed_s": 359.67
}
stages [{'phase': 'stage1_grasp', 'ok': True}, {'phase': 'stage3_release', 'ok': True}]
